[2026-05-23 00:26:54] ==================================================
[2026-05-23 00:26:55] SCHEDULER RUN STARTED
[2026-05-23 00:26:56] Python detected: Python 3.14.5
[2026-05-23 00:26:56] Launching job bot
[2026-05-23 00:26:56] main.py exited with code 1
[2026-05-23 15:31:03] ==================================================
[2026-05-23 15:31:03] SCHEDULER RUN STARTED
[2026-05-23 15:31:07] Python detected: Python 3.14.5
[2026-05-23 15:31:07] Launching job bot
[2026-05-23 15:36:10] main.py exited with code 1
[2026-05-25 22:44:40] ==================================================
[2026-05-25 22:44:41] SCHEDULER RUN STARTED
[2026-05-25 22:44:50] Python detected: Python 3.14.5
[2026-05-25 22:44:50] Launching job bot
[2026-05-25 22:45:05] main.py exited with code 1
[2026-05-25 22:49:13] ==================================================
[2026-05-25 22:49:14] SCHEDULER RUN STARTED
[2026-05-25 22:49:14] Python detected: Python 3.14.5
[2026-05-25 22:49:14] Launching job bot
[2026-05-25 22:49:21] main.py exited with code 1
[2026-05-27 00:36:36] ==================================================
[2026-05-27 00:36:36] SCHEDULER RUN STARTED
[2026-05-27 00:36:42] Python detected: Python 3.14.5
[2026-05-27 00:36:42] Launching job bot
[2026-05-27 00:36:59] main.py exited with code 1
[2026-05-28 20:00:06] ==================================================
[2026-05-28 20:00:06] SCHEDULER RUN STARTED
[2026-05-28 20:00:08] Python detected: Python 3.14.5
[2026-05-28 20:00:08] Launching job bot
[2026-05-29 20:00:09] ==================================================
[2026-05-29 20:00:09] SCHEDULER RUN STARTED
[2026-05-29 20:00:12] Python detected: Python 3.14.5
[2026-05-29 20:00:12] Launching job bot
[2026-06-10 23:46:33] ==================================================
[2026-06-10 23:46:33] SCHEDULER RUN STARTED
[2026-06-10 23:46:35] Python detected: Python 3.14.5
[2026-06-10 23:46:35] Launching job bot
[2026-06-10 23:46:47] main.py exited with code 1
[2026-06-11 10:42:03] ==================================================
[2026-06-11 10:42:03] SCHEDULER RUN STARTED
[2026-06-11 10:42:05] Python detected: Python 3.14.5
[2026-06-11 10:42:05] Launching job bot
[2026-06-11 10:42:18] main.py exited with code 1
[2026-06-12 13:01:34] ==================================================
[2026-06-12 13:01:34] SCHEDULER RUN STARTED
[2026-06-12 13:01:34] Python detected: 
[2026-06-12 13:01:34] Launching job bot
[2026-06-14 14:20:23] ==================================================
[2026-06-14 14:20:24] SCHEDULER RUN STARTED
[2026-06-14 14:20:26] Python detected: Python 3.14.5
[2026-06-14 14:20:26] Launching job bot
[2026-06-14 14:23:59] Job bot completed successfully
[2026-06-14 14:23:59] SCHEDULER RUN FINISHED
[2026-06-14 14:23:59] ==================================================
[2026-06-14 23:27:18] ==================================================
[2026-06-14 23:27:18] SCHEDULER RUN STARTED
[2026-06-14 23:27:19] Python detected: Python 3.14.5
[2026-06-14 23:27:19] Launching job bot
[2026-06-21 20:00:18] ==================================================
[2026-06-21 20:00:18] SCHEDULER RUN STARTED
[2026-06-21 20:00:20] Python detected: Python 3.14.5
[2026-06-21 20:00:21] Launching job bot
[2026-06-23 10:56:49] ==================================================
[2026-06-23 10:56:49] SCHEDULER RUN STARTED
[2026-06-23 10:56:51] Python detected: Python 3.14.5
[2026-06-23 10:56:51] Launching job bot
